=== /proc/1458 snapshot (root, Mon Apr 27 12:36:27 UTC 2026) ===

--- cmdline ---
/opt/move/MoveOriginal 
--- exe / cwd ---
exe: /opt/move/MoveOriginal
cwd: /home/root

--- environ ---
SHELL=/bin/sh
PWD=/home/root
LOGNAME=root
HOME=/home/root
SSH_CONNECTION=192.168.2.33 62957 192.168.2.68 22
USER=root
SHLVL=2
LD_LIBRARY_PATH=/data/UserData/schwung/lib:
SSH_CLIENT=192.168.2.33 62957 22
PATH=/usr/bin:/bin:/usr/sbin:/sbin
MAIL=/var/mail/root
LD_PRELOAD=schwung-shim.so

--- status (caps + ids + threads) ---
Name:	MoveOriginal
TracerPid:	0
Uid:	1000	1000	1000	1000
Gid:	100	100	100	100
NSpid:	1458
Threads:	21
CapInh:	0000000000000000
CapPrm:	0000000001804000
CapEff:	0000000001804000
CapBnd:	000001ffffffffff
CapAmb:	0000000000000000

--- fd count + symlink targets (root can read all) ---
open fds: 59
fd -> target:
  0 -> /dev/null
  1 -> /dev/null
  10 -> anon_inode:[eventpoll]
  11 -> anon_inode:[timerfd]
  12 -> socket:[23253]
  13 -> anon_inode:[eventfd]
  14 -> anon_inode:[eventfd]
  15 -> anon_inode:[eventfd]
  16 -> anon_inode:[eventfd]
  17 -> anon_inode:[eventfd]
  18 -> anon_inode:[eventpoll]
  19 -> anon_inode:[timerfd]
  2 -> /dev/null
  20 -> socket:[23256]
  21 -> socket:[25783]
  22 -> socket:[25784]
  23 -> /dev/ablspi0.0
  24 -> socket:[25785]
  25 -> socket:[25792]
  26 -> /data/UserData/schwung/debug.log
  27 -> /dev/shm/schwung-audio
  28 -> /dev/shm/schwung-movein
  29 -> /dev/shm/schwung-midi
  3 -> /data/UserData/Sentry/3e1012e9-cadc-443f-c659-b97afd93bf44.run.lock
  30 -> /dev/shm/schwung-ui-midi
  31 -> /dev/shm/schwung-display
  32 -> /dev/shm/schwung-display-live
  33 -> /dev/shm/schwung-control
  34 -> /dev/shm/schwung-ui
  35 -> /dev/shm/schwung-param
  36 -> /dev/shm/schwung-midi-out
  37 -> /dev/shm/schwung-midi-dsp
  38 -> /dev/shm/schwung-midi-inject
  39 -> /dev/shm/schwung-screenreader
  4 -> socket:[33195]
  40 -> /dev/shm/schwung-overlay
  41 -> /dev/shm/schwung-pub-audio
  42 -> socket:[25790]
  43 -> socket:[25786]
  44 -> socket:[25787]
  45 -> socket:[25788]
  46 -> socket:[25789]
  47 -> socket:[25791]
  48 -> socket:[25796]
  49 -> socket:[25794]
  5 -> socket:[23245]
  50 -> socket:[25802]
  51 -> socket:[25798]
  52 -> socket:[25800]
  53 -> socket:[23932]
  54 -> socket:[25804]
  55 -> socket:[25805]
  56 -> socket:[25806]
  57 -> socket:[25807]
  58 -> socket:[25808]
  6 -> /data/UserData/Sentry/e6340569-d5ff-48bc-73f0-9f0c43612c53.run.lock
  7 -> socket:[23246]
  8 -> /dev/urandom
  9 -> anon_inode:[eventfd]

--- maps (full memory map; reveals every shared library + mmap'd file) ---
5588a80000-5589098000 r--p 00000000 b3:02 8508                           /opt/move/MoveOriginal
55890a7000-558a629000 r-xp 00617000 b3:02 8508                           /opt/move/MoveOriginal
558a638000-558a6b2000 r--p 01b98000 b3:02 8508                           /opt/move/MoveOriginal
558a6c1000-558a6c6000 rw-p 01c11000 b3:02 8508                           /opt/move/MoveOriginal
558a6c6000-558a6ea000 rw-p 00000000 00:00 0 
55a1f10000-55af682000 rw-p 00000000 00:00 0                              [heap]
7f76ca6000-7f76cb6000 ---p 00000000 00:00 0 
7f76cb6000-7f774b6000 rw-p 00000000 00:00 0 
7f774b6000-7f774c6000 ---p 00000000 00:00 0 
7f774c6000-7f77cc6000 rw-p 00000000 00:00 0 
7f77cc6000-7f77cd6000 ---p 00000000 00:00 0 
7f77cd6000-7f784d6000 rw-p 00000000 00:00 0 
7f784d6000-7f784e6000 ---p 00000000 00:00 0 
7f784e6000-7f78ce6000 rw-p 00000000 00:00 0 
7f78ce6000-7f78cf6000 ---p 00000000 00:00 0 
7f78cf6000-7f794f6000 rw-p 00000000 00:00 0 
7f794f6000-7f797e0000 r--p 00000000 b3:02 1614                           /usr/lib/locale/locale-archive
7f797e0000-7f797f0000 ---p 00000000 00:00 0 
7f797f0000-7f79ff0000 rw-p 00000000 00:00 0 
7f79ff0000-7f7a000000 ---p 00000000 00:00 0 
7f7a000000-7f7a800000 rw-p 00000000 00:00 0 
7f7a800000-7f7a810000 ---p 00000000 00:00 0 
7f7a810000-7f7b010000 rw-p 00000000 00:00 0 
7f7b010000-7f7b01d000 r-xp 00000000 b3:04 1403521                        /data/UserData/schwung/modules/sound_generators/hush1/dsp.so
7f7b01d000-7f7b02f000 ---p 0000d000 b3:04 1403521                        /data/UserData/schwung/modules/sound_generators/hush1/dsp.so
7f7b02f000-7f7b030000 r--p 0000f000 b3:04 1403521                        /data/UserData/schwung/modules/sound_generators/hush1/dsp.so
7f7b030000-7f7b031000 rw-p 00010000 b3:04 1403521                        /data/UserData/schwung/modules/sound_generators/hush1/dsp.so
7f7b040000-7f7b043000 r-xp 00000000 b3:02 854                            /lib/libnss_mdns4_minimal.so.2
7f7b043000-7f7b052000 ---p 00003000 b3:02 854                            /lib/libnss_mdns4_minimal.so.2
7f7b052000-7f7b053000 r--p 00002000 b3:02 854                            /lib/libnss_mdns4_minimal.so.2
7f7b053000-7f7b054000 rw-p 00003000 b3:02 854                            /lib/libnss_mdns4_minimal.so.2
7f7b060000-7f7b25c000 r-xp 00000000 b3:02 1578                           /usr/lib/libstdc++.so.6.0.29
7f7b25c000-7f7b26b000 ---p 001fc000 b3:02 1578                           /usr/lib/libstdc++.so.6.0.29
7f7b26b000-7f7b276000 r--p 001fb000 b3:02 1578                           /usr/lib/libstdc++.so.6.0.29
7f7b276000-7f7b279000 rw-p 00206000 b3:02 1578                           /usr/lib/libstdc++.so.6.0.29
7f7b279000-7f7b27c000 rw-p 00000000 00:00 0 
7f7b280000-7f7b2a1000 r-xp 00000000 b3:04 1515553                        /data/UserData/schwung/modules/sound_generators/minijv/dsp.so
7f7b2a1000-7f7b2b1000 ---p 00021000 b3:04 1515553                        /data/UserData/schwung/modules/sound_generators/minijv/dsp.so
7f7b2b1000-7f7b2b2000 r--p 00021000 b3:04 1515553                        /data/UserData/schwung/modules/sound_generators/minijv/dsp.so
7f7b2b2000-7f7b2b3000 rw-p 00022000 b3:04 1515553                        /data/UserData/schwung/modules/sound_generators/minijv/dsp.so
7f7b2c0000-7f7b2df000 r-xp 00000000 b3:04 1403041                        /data/UserData/schwung/modules/chain/dsp.so
7f7b2df000-7f7b2ef000 ---p 0001f000 b3:04 1403041                        /data/UserData/schwung/modules/chain/dsp.so
7f7b2ef000-7f7b2f0000 r--p 0001f000 b3:04 1403041                        /data/UserData/schwung/modules/chain/dsp.so
7f7b2f0000-7f7b2f1000 rw-p 00020000 b3:04 1403041                        /data/UserData/schwung/modules/chain/dsp.so
7f7b2f1000-7f7ba56000 rw-p 00000000 00:00 0 
7f7ba5f000-7f7ba6f000 ---p 00000000 00:00 0 
7f7ba6f000-7f7c26f000 rw-p 00000000 00:00 0 
7f7c26f000-7f7c280000 rw-s 00000000 00:05 335                            /dev/shm/schwung-param
7f7c280000-7f7c290000 ---p 00000000 00:00 0 
7f7c290000-7f7ca90000 rw-p 00000000 00:00 0 
7f7ca90000-7f7caa0000 ---p 00000000 00:00 0 
7f7caa0000-7f7d2a0000 rw-p 00000000 00:00 0 
7f7d2a0000-7f7d2b0000 ---p 00000000 00:00 0 
7f7d2b0000-7f7dab0000 rw-p 00000000 00:00 0 
7f7dab0000-7f7dac0000 ---p 00000000 00:00 0 
7f7dac0000-7f7e2c0000 rw-p 00000000 00:00 0 
7f7e2c0000-7f7e2d0000 ---p 00000000 00:00 0 
7f7e2d0000-7f7ead0000 rw-p 00000000 00:00 0 
7f7ead0000-7f7eae0000 ---p 00000000 00:00 0 
7f7eae0000-7f7f2e0000 rw-p 00000000 00:00 0 
7f7f2e0000-7f7f2f0000 ---p 00000000 00:00 0 
7f7f2f0000-7f7faf0000 rw-p 00000000 00:00 0 
7f7faf0000-7f7fb00000 ---p 00000000 00:00 0 
7f7fb00000-7f80300000 rw-p 00000000 00:00 0 
7f80300000-7f80310000 ---p 00000000 00:00 0 
7f80310000-7f80b10000 rw-p 00000000 00:00 0 
7f80b10000-7f80b20000 ---p 00000000 00:00 0 
7f80b20000-7f81320000 rw-p 00000000 00:00 0 
7f81320000-7f81330000 ---p 00000000 00:00 0 
7f81330000-7f81b30000 rw-p 00000000 00:00 0 
7f81b30000-7f81b40000 ---p 00000000 00:00 0 
7f81b40000-7f82340000 rw-p 00000000 00:00 0 
7f82340000-7f82348000 r-xp 00000000 b3:02 849                            /lib/libnss_compat.so.2
7f82348000-7f82357000 ---p 00008000 b3:02 849                            /lib/libnss_compat.so.2
7f82357000-7f82358000 r--p 00007000 b3:02 849                            /lib/libnss_compat.so.2
7f82358000-7f82359000 rw-p 00008000 b3:02 849                            /lib/libnss_compat.so.2
7f82360000-7f82370000 ---p 00000000 00:00 0 
7f82370000-7f82b70000 rw-p 00000000 00:00 0 
7f82b70000-7f82b80000 ---p 00000000 00:00 0 
7f82b80000-7f83380000 rw-p 00000000 00:00 0 
7f83380000-7f83390000 ---p 00000000 00:00 0 
7f83390000-7f83b90000 rw-p 00000000 00:00 0 
7f83b90000-7f83c23000 r-xp 00000000 b3:04 1403471                        /data/UserData/schwung/lib/libflite_cmulex.so.1
7f83c23000-7f83c3d000 ---p 00093000 b3:04 1403471                        /data/UserData/schwung/lib/libflite_cmulex.so.1
7f83c3d000-7f83c40000 r--p 0009d000 b3:04 1403471                        /data/UserData/schwung/lib/libflite_cmulex.so.1
7f83c40000-7f83c41000 rw-p 000a0000 b3:04 1403471                        /data/UserData/schwung/lib/libflite_cmulex.so.1
7f83c50000-7f83c6e000 r-xp 00000000 b3:04 1403462                        /data/UserData/schwung/lib/libflite_usenglish.so.1
7f83c6e000-7f83c75000 ---p 0001e000 b3:04 1403462                        /data/UserData/schwung/lib/libflite_usenglish.so.1
7f83c75000-7f83c80000 r--p 00025000 b3:04 1403462                        /data/UserData/schwung/lib/libflite_usenglish.so.1
7f83c80000-7f83c81000 rw-p 00030000 b3:04 1403462                        /data/UserData/schwung/lib/libflite_usenglish.so.1
7f83c90000-7f83c94000 r-xp 00000000 b3:04 1403469                        /data/UserData/schwung/lib/libsonic.so.0
7f83c94000-7f83ca3000 ---p 00004000 b3:04 1403469                        /data/UserData/schwung/lib/libsonic.so.0
7f83ca3000-7f83ca4000 r--p 00003000 b3:04 1403469                        /data/UserData/schwung/lib/libsonic.so.0
7f83ca4000-7f83ca5000 rw-p 00004000 b3:04 1403469                        /data/UserData/schwung/lib/libsonic.so.0
7f83cb0000-7f83cb1000 r-xp 00000000 b3:04 1403456                        /data/UserData/schwung/lib/libpcaudio.so.0
7f83cb1000-7f83ccf000 ---p 00001000 b3:04 1403456                        /data/UserData/schwung/lib/libpcaudio.so.0
7f83ccf000-7f83cd0000 r--p 0000f000 b3:04 1403456                        /data/UserData/schwung/lib/libpcaudio.so.0
7f83cd0000-7f83cd1000 rw-p 00010000 b3:04 1403456                        /data/UserData/schwung/lib/libpcaudio.so.0
7f83cd9000-7f83cda000 ---p 00000000 00:00 0 
7f83cda000-7f83cdf000 rw-p 00000000 00:00 0 
7f83cdf000-7f83ce0000 ---p 00000000 00:00 0 
7f83ce0000-7f83cea000 r-xp 00000000 b3:02 830                            /lib/libcap.so.2.66
7f83cea000-7f83cfa000 ---p 0000a000 b3:02 830                            /lib/libcap.so.2.66
7f83cfa000-7f83cfb000 r--p 0000a000 b3:02 830                            /lib/libcap.so.2.66
7f83cfb000-7f83cfc000 rw-p 0000b000 b3:02 830                            /lib/libcap.so.2.66
7f83d00000-7f83d1c000 r-xp 00000000 b3:02 1610                           /usr/lib/libyaml-0.so.2.0.9
7f83d1c000-7f83d2b000 ---p 0001c000 b3:02 1610                           /usr/lib/libyaml-0.so.2.0.9
7f83d2b000-7f83d2c000 r--p 0001b000 b3:02 1610                           /usr/lib/libyaml-0.so.2.0.9
7f83d2c000-7f83d2d000 rw-p 0001c000 b3:02 1610                           /usr/lib/libyaml-0.so.2.0.9
7f83d30000-7f83d31000 r-xp 00000000 b3:02 860                            /lib/librt.so.1
7f83d31000-7f83d40000 ---p 00001000 b3:02 860                            /lib/librt.so.1
7f83d40000-7f83d41000 r--p 00000000 b3:02 860                            /lib/librt.so.1
7f83d41000-7f83d42000 rw-p 00001000 b3:02 860                            /lib/librt.so.1
7f83d42000-7f83d43000 ---p 00000000 00:00 0 
7f83d43000-7f83d48000 rw-p 00000000 00:00 0 
7f83d48000-7f83d4a000 ---p 00000000 00:00 0 
7f83d4a000-7f83d4f000 rw-p 00000000 00:00 0 
7f83d4f000-7f83d50000 ---p 00000000 00:00 0 
7f83d50000-7f83d75000 r-xp 00000000 b3:02 867                            /lib/libudev.so.1.6.3
7f83d75000-7f83d85000 ---p 00025000 b3:02 867                            /lib/libudev.so.1.6.3
7f83d85000-7f83d86000 r--p 00025000 b3:02 867                            /lib/libudev.so.1.6.3
7f83d86000-7f83d87000 rw-p 00026000 b3:02 867                            /lib/libudev.so.1.6.3
7f83d89000-7f83d8a000 ---p 00000000 00:00 0 
7f83d8a000-7f83d8f000 rw-p 00000000 00:00 0 
7f83d8f000-7f83d90000 ---p 00000000 00:00 0 
7f83d90000-7f83eed000 r-xp 00000000 b3:04 1403473                        /data/UserData/schwung/lib/libflite_cmu_us_kal.so.1
7f83eed000-7f83ef9000 ---p 0015d000 b3:04 1403473                        /data/UserData/schwung/lib/libflite_cmu_us_kal.so.1
7f83ef9000-7f83f00000 r--p 00169000 b3:04 1403473                        /data/UserData/schwung/lib/libflite_cmu_us_kal.so.1
7f83f00000-7f83f01000 rw-p 00170000 b3:04 1403473                        /data/UserData/schwung/lib/libflite_cmu_us_kal.so.1
7f83f02000-7f83f03000 ---p 00000000 00:00 0 
7f83f03000-7f83f08000 rw-p 00000000 00:00 0 
7f83f08000-7f83f0a000 ---p 00000000 00:00 0 
7f83f0a000-7f83f0f000 rw-p 00000000 00:00 0 
7f83f0f000-7f83f10000 ---p 00000000 00:00 0 
7f83f10000-7f83f4a000 r-xp 00000000 b3:04 1403478                        /data/UserData/schwung/lib/libflite.so.1
7f83f4a000-7f83f5e000 ---p 0003a000 b3:04 1403478                        /data/UserData/schwung/lib/libflite.so.1
7f83f5e000-7f83f60000 r--p 0003e000 b3:04 1403478                        /data/UserData/schwung/lib/libflite.so.1
7f83f60000-7f83f61000 rw-p 00040000 b3:04 1403478                        /data/UserData/schwung/lib/libflite.so.1
7f83f62000-7f83f63000 ---p 00000000 00:00 0 
7f83f63000-7f83f68000 rw-p 00000000 00:00 0 
7f83f68000-7f83f6a000 ---p 00000000 00:00 0 
7f83f6a000-7f83f6f000 rw-p 00000000 00:00 0 
7f83f6f000-7f83f70000 ---p 00000000 00:00 0 
7f83f70000-7f83fed000 r-xp 00000000 b3:04 1403470                        /data/UserData/schwung/lib/libespeak-ng.so.1
7f83fed000-7f83ffb000 ---p 0007d000 b3:04 1403470                        /data/UserData/schwung/lib/libespeak-ng.so.1
7f83ffb000-7f84000000 r--p 0008b000 b3:04 1403470                        /data/UserData/schwung/lib/libespeak-ng.so.1
7f84000000-7f84005000 rw-p 00090000 b3:04 1403470                        /data/UserData/schwung/lib/libespeak-ng.so.1
7f84005000-7f84029000 rw-p 00000000 00:00 0 
7f84029000-7f8402a000 ---p 00000000 00:00 0 
7f8402a000-7f8402f000 rw-p 00000000 00:00 0 
7f8402f000-7f84030000 ---p 00000000 00:00 0 
7f84030000-7f84125000 r-xp 00000000 b3:02 1583                           /usr/lib/libsystemd.so.0.37.0
7f84125000-7f84134000 ---p 000f5000 b3:02 1583                           /usr/lib/libsystemd.so.0.37.0
7f84134000-7f84140000 r--p 000f4000 b3:02 1583                           /usr/lib/libsystemd.so.0.37.0
7f84140000-7f84142000 rw-p 00100000 b3:02 1583                           /usr/lib/libsystemd.so.0.37.0
7f84142000-7f84143000 ---p 00000000 00:00 0 
7f84143000-7f84148000 rw-p 00000000 00:00 0 
7f84148000-7f8414a000 ---p 00000000 00:00 0 
7f8414a000-7f8414f000 rw-p 00000000 00:00 0 
7f8414f000-7f84150000 ---p 00000000 00:00 0 
7f84150000-7f841a6000 r-xp 00000000 b3:02 1493                           /usr/lib/libdbus-1.so.3.32.3
7f841a6000-7f841b6000 ---p 00056000 b3:02 1493                           /usr/lib/libdbus-1.so.3.32.3
7f841b6000-7f841b7000 r--p 00056000 b3:02 1493                           /usr/lib/libdbus-1.so.3.32.3
7f841b7000-7f841b8000 rw-p 00057000 b3:02 1493                           /usr/lib/libdbus-1.so.3.32.3
7f841b8000-7f841b9000 rw-p 00000000 00:00 0 
7f841b9000-7f841ba000 ---p 00000000 00:00 0 
7f841ba000-7f841bf000 rw-p 00000000 00:00 0 
7f841bf000-7f841c0000 ---p 00000000 00:00 0 
7f841c0000-7f84348000 r-xp 00000000 b3:02 826                            /lib/libc.so.6
7f84348000-7f84358000 ---p 00188000 b3:02 826                            /lib/libc.so.6
7f84358000-7f8435b000 r--p 00188000 b3:02 826                            /lib/libc.so.6
7f8435b000-7f8435e000 rw-p 0018b000 b3:02 826                            /lib/libc.so.6
7f8435e000-7f8436a000 rw-p 00000000 00:00 0 
7f8436a000-7f84370000 rw-s 00000000 00:05 346                            /dev/shm/schwung-link-in
7f84370000-7f84371000 r-xp 00000000 b3:02 858                            /lib/libpthread.so.0
7f84371000-7f84380000 ---p 00001000 b3:02 858                            /lib/libpthread.so.0
7f84380000-7f84381000 r--p 00000000 b3:02 858                            /lib/libpthread.so.0
7f84381000-7f84382000 rw-p 00001000 b3:02 858                            /lib/libpthread.so.0
7f84382000-7f84383000 ---p 00000000 00:00 0 
7f84383000-7f84388000 rw-p 00000000 00:00 0 
7f84388000-7f8438a000 ---p 00000000 00:00 0 
7f8438a000-7f8438f000 rw-p 00000000 00:00 0 
7f8438f000-7f84390000 ---p 00000000 00:00 0 
7f84390000-7f843a4000 r-xp 00000000 b3:02 840                            /lib/libgcc_s.so.1
7f843a4000-7f843b3000 ---p 00014000 b3:02 840                            /lib/libgcc_s.so.1
7f843b3000-7f843b4000 r--p 00013000 b3:02 840                            /lib/libgcc_s.so.1
7f843b4000-7f843b5000 rw-p 00014000 b3:02 840                            /lib/libgcc_s.so.1
7f843b9000-7f843ba000 ---p 00000000 00:00 0 
7f843ba000-7f843bf000 rw-p 00000000 00:00 0 
7f843bf000-7f843c0000 ---p 00000000 00:00 0 
7f843c0000-7f84447000 r-xp 00000000 b3:02 841                            /lib/libm.so.6
7f84447000-7f84456000 ---p 00087000 b3:02 841                            /lib/libm.so.6
7f84456000-7f84457000 r--p 00086000 b3:02 841                            /lib/libm.so.6
7f84457000-7f84458000 rw-p 00087000 b3:02 841                            /lib/libm.so.6
7f84459000-7f8445a000 ---p 00000000 00:00 0 
7f8445a000-7f8445f000 rw-p 00000000 00:00 0 
7f8445f000-7f84460000 ---p 00000000 00:00 0 
7f84460000-7f8457b000 r-xp 00000000 b3:02 1482                           /usr/lib/libc++.so.1.0
7f8457b000-7f8458b000 ---p 0011b000 b3:02 1482                           /usr/lib/libc++.so.1.0
7f8458b000-7f84594000 r--p 0011b000 b3:02 1482                           /usr/lib/libc++.so.1.0
7f84594000-7f84596000 rw-p 00124000 b3:02 1482                           /usr/lib/libc++.so.1.0
7f84596000-7f8459d000 rw-p 00000000 00:00 0 
7f845a0000-7f845a6000 r-xp 00000000 b3:02 1587                           /usr/lib/libubootenv.so.0.3.5
7f845a6000-7f845b5000 ---p 00006000 b3:02 1587                           /usr/lib/libubootenv.so.0.3.5
7f845b5000-7f845b6000 r--p 00005000 b3:02 1587                           /usr/lib/libubootenv.so.0.3.5
7f845b6000-7f845b7000 rw-p 00006000 b3:02 1587                           /usr/lib/libubootenv.so.0.3.5
7f845b9000-7f845ba000 ---p 00000000 00:00 0 
7f845ba000-7f845bf000 rw-p 00000000 00:00 0 
7f845bf000-7f845c0000 ---p 00000000 00:00 0 
7f845c0000-7f845d6000 r-xp 00000000 b3:02 874                            /lib/libz.so.1.2.11
7f845d6000-7f845e5000 ---p 00016000 b3:02 874                            /lib/libz.so.1.2.11
7f845e5000-7f845e6000 r--p 00015000 b3:02 874                            /lib/libz.so.1.2.11
7f845e6000-7f845e7000 rw-p 00016000 b3:02 874                            /lib/libz.so.1.2.11
7f845e9000-7f845ea000 ---p 00000000 00:00 0 
7f845ea000-7f845ef000 rw-p 00000000 00:00 0 
7f845ef000-7f845f0000 ---p 00000000 00:00 0 
7f845f0000-7f845f3000 r-xp 00000000 b3:02 1581                           /usr/lib/libswupdate.so.0.1
7f845f3000-7f84602000 ---p 00003000 b3:02 1581                           /usr/lib/libswupdate.so.0.1
7f84602000-7f84603000 r--p 00002000 b3:02 1581                           /usr/lib/libswupdate.so.0.1
7f84603000-7f84604000 rw-p 00003000 b3:02 1581                           /usr/lib/libswupdate.so.0.1
7f84609000-7f8460a000 ---p 00000000 00:00 0 
7f8460a000-7f8460f000 rw-p 00000000 00:00 0 
7f8460f000-7f84610000 ---p 00000000 00:00 0 
7f84610000-7f84713000 r-xp 00000000 b3:02 1468                           /usr/lib/libasound.so.2.0.0
7f84713000-7f84722000 ---p 00103000 b3:02 1468                           /usr/lib/libasound.so.2.0.0
7f84722000-7f84728000 r--p 00102000 b3:02 1468                           /usr/lib/libasound.so.2.0.0
7f84728000-7f8472a000 rw-p 00108000 b3:02 1468                           /usr/lib/libasound.so.2.0.0
7f8472a000-7f84730000 rw-s 00000000 00:05 345                            /dev/shm/schwung-pub-audio
7f84730000-7f847c7000 r-xp 00000000 b3:02 1576                           /usr/lib/libssl.so.3
7f847c7000-7f847d6000 ---p 00097000 b3:02 1576                           /usr/lib/libssl.so.3
7f847d6000-7f847df000 r--p 00096000 b3:02 1576                           /usr/lib/libssl.so.3
7f847df000-7f847e4000 rw-p 0009f000 b3:02 1576                           /usr/lib/libssl.so.3
7f847e9000-7f847ea000 ---p 00000000 00:00 0 
7f847ea000-7f847ef000 rw-p 00000000 00:00 0 
7f847ef000-7f847f0000 ---p 00000000 00:00 0 
7f847f0000-7f84ba8000 r-xp 00000000 b3:02 1489                           /usr/lib/libcrypto.so.3
7f84ba8000-7f84bb7000 ---p 003b8000 b3:02 1489                           /usr/lib/libcrypto.so.3
7f84bb7000-7f84c0d000 r--p 003b7000 b3:02 1489                           /usr/lib/libcrypto.so.3
7f84c0d000-7f84c10000 rw-p 0040d000 b3:02 1489                           /usr/lib/libcrypto.so.3
7f84c10000-7f84c13000 rw-p 00000000 00:00 0 
7f84c15000-7f84c16000 rw-s 00000000 00:05 342                            /dev/shm/schwung-overlay
7f84c16000-7f84c19000 rw-s 00000000 00:05 341                            /dev/shm/schwung-screenreader
7f84c20000-7f84c2c000 r--p 00000000 b3:02 8528                           /usr/lib/libusb-1.0.so
7f84c2c000-7f84c3b000 ---p 0000c000 b3:02 8528                           /usr/lib/libusb-1.0.so
7f84c3b000-7f84c4a000 r-xp 0000b000 b3:02 8528                           /usr/lib/libusb-1.0.so
7f84c4a000-7f84c59000 ---p 0002a000 b3:02 8528                           /usr/lib/libusb-1.0.so
7f84c59000-7f84c5a000 r--p 00019000 b3:02 8528                           /usr/lib/libusb-1.0.so
7f84c5a000-7f84c69000 ---p 0003a000 b3:02 8528                           /usr/lib/libusb-1.0.so
7f84c69000-7f84c6a000 rw-p 00019000 b3:02 8528                           /usr/lib/libusb-1.0.so
7f84c6a000-7f84c70000 rw-s 00000000 00:05 337                            /dev/shm/schwung-web-param-notify
7f84c70000-7f84c80000 r--p 00000000 b3:02 8526                           /usr/lib/libmp3lame.so
7f84c80000-7f84c8f000 ---p 00010000 b3:02 8526                           /usr/lib/libmp3lame.so
7f84c8f000-7f84cbb000 r-xp 0000f000 b3:02 8526                           /usr/lib/libmp3lame.so
7f84cbb000-7f84cca000 ---p 0004b000 b3:02 8526                           /usr/lib/libmp3lame.so
7f84cca000-7f84ccc000 r--p 0003a000 b3:02 8526                           /usr/lib/libmp3lame.so
7f84ccc000-7f84cdb000 ---p 0005c000 b3:02 8526                           /usr/lib/libmp3lame.so
7f84cdb000-7f84cdc000 rw-p 0003b000 b3:02 8526                           /usr/lib/libmp3lame.so
7f84cdc000-7f84cec000 rw-p 00000000 00:00 0 
7f84cec000-7f84ced000 rw-s 00000000 00:05 340                            /dev/shm/schwung-midi-inject
7f84ced000-7f84cf0000 rw-s 00000000 00:05 336                            /dev/shm/schwung-web-param-set
7f84cf0000-7f84d0e000 r--p 00000000 b3:02 8529                           /usr/lib/libXTCMalloc.so
7f84d0e000-7f84d1d000 ---p 0001e000 b3:02 8529                           /usr/lib/libXTCMalloc.so
7f84d1d000-7f84d47000 r-xp 0001d000 b3:02 8529                           /usr/lib/libXTCMalloc.so
7f84d47000-7f84d56000 ---p 00057000 b3:02 8529                           /usr/lib/libXTCMalloc.so
7f84d56000-7f84d57000 r--p 00046000 b3:02 8529                           /usr/lib/libXTCMalloc.so
7f84d57000-7f84d66000 ---p 00067000 b3:02 8529                           /usr/lib/libXTCMalloc.so
7f84d66000-7f84d68000 rw-p 00046000 b3:02 8529                           /usr/lib/libXTCMalloc.so
7f84d68000-7f84f1a000 rw-p 00000000 00:00 0 
7f84f1a000-7f84f1b000 rw-s 00000000 00:05 339                            /dev/shm/schwung-midi-dsp
7f84f1b000-7f84f1c000 rw-s 00000000 00:05 338                            /dev/shm/schwung-midi-out
7f84f1c000-7f84f1d000 rw-s 00000000 00:05 334                            /dev/shm/schwung-ui
7f84f1d000-7f84f1e000 rw-s 00000000 00:05 333                            /dev/shm/schwung-control
7f84f1e000-7f84f1f000 rw-s 00000000 00:05 332                            /dev/shm/schwung-display-live
7f84f1f000-7f84f20000 rw-s 00000000 00:05 331                            /dev/shm/schwung-display
7f84f20000-7f84f3d000 r--p 00000000 b3:02 8527                           /usr/lib/libXSDBusCpp.so
7f84f3d000-7f84f4c000 ---p 0001d000 b3:02 8527                           /usr/lib/libXSDBusCpp.so
7f84f4c000-7f84f65000 r-xp 0001c000 b3:02 8527                           /usr/lib/libXSDBusCpp.so
7f84f65000-7f84f74000 ---p 00045000 b3:02 8527                           /usr/lib/libXSDBusCpp.so
7f84f74000-7f84f76000 r--p 00034000 b3:02 8527                           /usr/lib/libXSDBusCpp.so
7f84f76000-7f84f85000 ---p 00056000 b3:02 8527                           /usr/lib/libXSDBusCpp.so
7f84f85000-7f84f86000 rw-p 00035000 b3:02 8527                           /usr/lib/libXSDBusCpp.so
7f84f86000-7f84f87000 rw-s 00000000 00:05 330                            /dev/shm/schwung-ui-midi
7f84f87000-7f84f88000 rw-s 00000000 00:05 329                            /dev/shm/schwung-midi
7f84f88000-7f84f89000 rw-s 00000000 00:05 328                            /dev/shm/schwung-movein
7f84f89000-7f84f8a000 ---p 00000000 00:00 0 
7f84f8a000-7f84f8f000 rw-p 00000000 00:00 0 
7f84f8f000-7f84f90000 ---p 00000000 00:00 0 
7f84f90000-7f84fe5000 r-xp 00000000 b3:04 1402922                        /data/UserData/schwung/schwung-shim.so
7f84fe5000-7f84fff000 ---p 00055000 b3:04 1402922                        /data/UserData/schwung/schwung-shim.so
7f84fff000-7f85000000 r--p 0005f000 b3:04 1402922                        /data/UserData/schwung/schwung-shim.so
7f85000000-7f85003000 rw-p 00060000 b3:04 1402922                        /data/UserData/schwung/schwung-shim.so
7f85003000-7f85317000 rw-p 00000000 00:00 0 
7f85317000-7f85341000 r-xp 00000000 b3:02 821                            /lib/ld-linux-aarch64.so.1
7f85341000-7f85342000 rw-s 00000000 00:05 327                            /dev/shm/schwung-audio
7f85342000-7f8534a000 rw-p 00000000 00:00 0 
7f8534a000-7f8534b000 rw-s 00000000 00:05 292                            /dev/ablspi0.0
7f8534b000-7f8534c000 rw-s 00000000 00:05 326                            /dev/shm/schwung_jack
7f8534c000-7f8534e000 rw-p 00000000 00:00 0 
7f8534e000-7f85350000 r--p 00000000 00:00 0                              [vvar]
7f85350000-7f85351000 r-xp 00000000 00:00 0                              [vdso]
7f85351000-7f85353000 r--p 0002a000 b3:02 821                            /lib/ld-linux-aarch64.so.1
7f85353000-7f85355000 rw-p 0002c000 b3:02 821                            /lib/ld-linux-aarch64.so.1
7fe1eaa000-7fe1f82000 rw-p 00000000 00:00 0                              [stack]

--- net/unix (process view of UNIX domain sockets) ---
Num       RefCount Protocol Flags    Type St Inode Path
000000009bb3eec5: 00000002 00000000 00010000 0005 01   124 /run/udev/control
00000000fdfee680: 00000002 00000000 00010000 0001 01   404 /run/avahi-daemon/socket
00000000b03bcb51: 0000000C 00000000 00000000 0002 03   382 /dev/log
0000000020d552f9: 00000003 00000000 00000000 0001 03 14191 @eefd4942b8b4a404/bus/MoveWebService/system
00000000f8914de0: 00000002 00000000 00010000 0001 01   468 /tmp/swupdateprog
000000001454f1ea: 00000002 00000000 00010000 0001 01 12241 /tmp/sockinstctrl
0000000067ff5cb5: 00000003 00000000 00000000 0001 03 23253 @4b789f1e6e57e5e5/bus/MoveOriginal/system
0000000035fc402a: 00000003 00000000 00000000 0001 03 33197 @1e77820fa1723b74/bus/MoveLauncher/system
000000001157a9fa: 00000003 00000000 00000000 0001 03 10152 @109f3a349d2bf7e7/bus/SystemDBusServi/system
00000000282ba893: 00000002 00000000 00000000 0002 01 10113 @NotifyServer@@@@@@@@@@@@@@@@@@@@@@@@@@@@@@@@@@@@@@@@@@@@@@@@@@@@@@@@@@@@@@@@@@@@@@@@@@@@@@@@@@@@@@@@@@@@@@@
00000000cc2c5986: 00000002 00000000 00010000 0001 01 13795 /run/dbus/system_bus_socket
000000005df70915: 00000003 00000000 00000000 0001 03 12288 @e8754fe8a766ea3a/bus/UpdateDBusServi/system
000000000ca3190f: 00000003 00000000 00000000 0001 03   465 /run/dbus/system_bus_socket
000000004b79b88b: 00000003 00000000 00000000 0005 03 23247
00000000cb2eeed8: 00000003 00000000 00000000 0005 03 33195
00000000b6825001: 00000003 00000000 00000000 0001 03 23254 /run/dbus/system_bus_socket
0000000063e30722: 00000002 00000000 00000000 0002 03 13940
000000002b28544e: 00000003 00000000 00000000 0001 03 23212 /run/dbus/system_bus_socket
00000000214e25b5: 00000003 00000000 00000000 0001 03 12082
00000000505eaee2: 00000003 00000000 00000000 0005 03   461
00000000958bb7be: 00000002 00000000 00000000 0002 03   496
00000000123d41b3: 00000003 00000000 00000000 0002 03 10756
00000000deacb7d9: 00000003 00000000 00000000 0001 03  9906
0000000070c44908: 00000003 00000000 00000000 0001 03   400
00000000f8d160ae: 00000003 00000000 00000000 0001 03   406 /run/dbus/system_bus_socket
00000000083f7fdc: 00000002 00000000 00000000 0002 03  9992
000000006906af0e: 00000002 00000000 00000000 0001 03   502 /tmp/swupdateprog
000000001b257bc3: 00000003 00000000 00000000 0001 03  9923 /run/dbus/system_bus_socket
000000006073aca8: 00000002 00000000 00000000 0001 03 90522
0000000098d754b4: 00000002 00000000 00000000 0001 03   469 /tmp/swupdateprog
0000000001523572: 00000002 00000000 00000000 0002 03 10151
000000009b36a175: 00000003 00000000 00000000 0001 03 23256
00000000d1040476: 00000003 00000000 00000000 0001 03   508 /run/dbus/system_bus_socket
0000000073aa1c2c: 00000003 00000000 00000000 0001 03 23828 /tmp/swupdateprog
0000000093332bc8: 00000002 00000000 00000000 0002 03 12287
0000000001fe80d4: 00000002 00000000 00000000 0002 03 14197
0000000071362358: 00000003 00000000 00000000 0005 03   462
00000000b652a68c: 00000003 00000000 00000000 0001 03  9908 /run/dbus/system_bus_socket
0000000012c36b86: 00000003 00000000 00000000 0005 03 23246
00000000c53a5137: 00000003 00000000 00000000 0002 03 10755
000000000ad69733: 00000002 00000000 00000000 0002 03 23245
00000000a9bc942a: 00000003 00000000 00000000 0001 03   401
00000000039f2db7: 00000003 00000000 00000000 0001 03  9907
00000000da957f65: 00000003 00000000 00000000 0001 03 23932
0000000017bb0e8e: 00000002 00000000 00000000 0002 03  9961
000000007b3d9797: 00000003 00000000 00000000 0001 03 23304 /run/dbus/system_bus_socket
000000008a70c563: 00000003 00000000 00000000 0001 03   405
0000000084d48caa: 00000003 00000000 00000000 0001 03   343
00000000779179ef: 00000003 00000000 00000000 0005 03 33196
0000000039d33dbd: 00000003 00000000 00000000 0001 03   500 /run/dbus/system_bus_socket
0000000030a4e3f7: 00000002 00000000 00000000 0002 03 33204
00000000bd5831f4: 00000002 00000000 00000000 0002 03   399
00000000cd081cbd: 00000002 00000000 00000000 0001 03   485 /tmp/swupdateprog

--- net/tcp + tcp6 ---
  sl  local_address rem_address   st tx_queue rx_queue tr tm->when retrnsmt   uid  timeout inode                                                     
   0: 00000000:1E01 00000000:0000 0A 00000000:00000000 00:00000000 00000000  1000        0 25769 1 000000007e0190fb 100 0 0 10 0                     
   1: 0100007F:0035 00000000:0000 0A 00000000:00000000 00:00000000 00000000     0        0 13826 1 00000000abdef5fd 100 0 0 10 0                     
   2: 00000000:0016 00000000:0000 0A 00000000:00000000 00:00000000 00000000     0        0 9932 1 000000006f57fc97 100 0 0 10 0                      
  sl  local_address                         remote_address                        st tx_queue rx_queue tr tm->when retrnsmt   uid  timeout inode
   0: 00000000000000000000000001000000:0035 00000000000000000000000000000000:0000 0A 00000000:00000000 00:00000000 00000000     0        0 13830 1 00000000e673236f 100 0 0 10 0
   1: 00000000000000000000000000000000:1E14 00000000000000000000000000000000:0000 0A 00000000:00000000 00:00000000 00000000     0        0 33452 1 00000000ada9465c 100 0 0 10 0
   2: 00000000000000000000000000000000:0016 00000000000000000000000000000000:0000 0A 00000000:00000000 00:00000000 00000000     0        0 9934 1 00000000e5a74e1c 100 0 0 10 0
   3: 00000000000000000000000000000000:0050 00000000000000000000000000000000:0000 0A 00000000:00000000 00:00000000 00000000  1000        0 14198 1 000000008c2b3d82 100 0 0 10 0
   4: ED000320396B235FFFD19112CE8231FE:0016 ED000320396B235FEBCA3455CC38229D:FEDF 01 00000000:00000000 02:000AFC39 00000000     0        0 92266 2 000000009ad66ae2 20 4 1 10 -1

--- net/udp + udp6 ---
   sl  local_address rem_address   st tx_queue rx_queue tr tm->when retrnsmt   uid  timeout inode ref pointer drops            
    5: 00000000:14E9 00000000:0000 07 00000000:00000000 00:00000000 00000000   997        0 408 2 00000000bf5885bc 0           
    9: 4402A8C0:B4ED 00000000:0000 07 00000000:00000000 00:00000000 00000000  1000        0 23851 2 00000000acf7e51f 0         
   14: 4402A8C0:C4F2 00000000:0000 07 00000000:00000000 00:00000000 00000000  1000        0 25806 2 00000000121030fb 0         
   73: 01FE10AC:AD2D 00000000:0000 07 00000000:00000000 00:00000000 00000000  1000        0 23867 2 000000008a514986 0         
   74: 0100007F:E12E 00000000:0000 07 00000000:00000000 00:00000000 00000000  1000        0 23847 2 0000000046946154 0         
  100: 00000000:5148 00000000:0000 07 00000000:00000000 00:00000000 00000000  1000        0 23852 2 00000000224df7bc 0         
  100: 00000000:5148 00000000:0000 07 00000000:00000000 00:00000000 00000000  1000        0 23849 2 000000009044555e 0         
  100: 00000000:5148 00000000:0000 07 00000000:00000000 00:00000000 00000000  1000        0 23846 2 0000000088bdd54b 0         
  100: 00000000:5148 00000000:0000 07 00000000:00000000 00:00000000 00000000  1000        0 25790 2 0000000090b051f9 0         
  100: 00000000:5148 00000000:0000 07 00000000:00000000 00:00000000 00000000  1000        0 25787 2 00000000da271941 0         
  100: 00000000:5148 00000000:0000 07 00000000:00000000 00:00000000 00000000  1000        0 25784 2 000000002ec61048 0         
  125: 4402A8C0:8161 0102A8C0:0035 01 00000000:00000000 00:00000000 00000000     0        0 9995 2 000000004b2f20f8 0          
  206: 01FE10AC:E9B2 00000000:0000 07 00000000:00000000 00:00000000 00000000  1000        0 25788 2 00000000728d819e 0         
  468: 0100007F:BEB8 00000000:0000 07 00000000:00000000 00:00000000 00000000  1000        0 25785 2 0000000052a51581 0         
  480: 4402A8C0:D2C4 00000000:0000 07 00000000:00000000 00:00000000 00000000  1000        0 23868 2 0000000081f93493 0         
  484: 0100007F:B2C8 00000000:0000 07 00000000:00000000 00:00000000 00000000  1000        0 25783 2 0000000059109c05 0         
  509: 0100007F:8AE1 00000000:0000 07 00000000:00000000 00:00000000 00000000  1000        0 23866 2 00000000e0476c33 0         
  557: 01FE10AC:B711 00000000:0000 07 00000000:00000000 00:00000000 00000000  1000        0 25805 2 00000000323919f5 0         
  635: 4402A8C0:DB5F 00000000:0000 07 00000000:00000000 00:00000000 00000000  1000        0 25791 2 000000006098c005 0         
  677: 0100007F:C389 00000000:0000 07 00000000:00000000 00:00000000 00000000  1000        0 23845 2 00000000b5fc729f 0         
  753: 4402A8C0:8FD5 00000000:0000 07 00000000:00000000 00:00000000 00000000  1000        0 25789 2 000000005a1f2754 0         
  773: 01FE10AC:83E9 00000000:0000 07 00000000:00000000 00:00000000 00000000  1000        0 23848 2 00000000faa78712 0         
  783: 4402A8C0:CBF3 0102A8C0:0035 01 00000000:00000000 00:00000000 00000000     0        0 10007 2 00000000066144bf 0         
  809: 0100007F:940D 00000000:0000 07 00000000:00000000 00:00000000 00000000  1000        0 25804 2 000000008d0169cf 0         
  822: 00000000:E01A 00000000:0000 07 00000000:00000000 00:00000000 00000000     0        0 10013 2 000000007719edee 0         
  831: 01FE10AC:B023 00000000:0000 07 00000000:00000000 00:00000000 00000000  1000        0 25786 2 000000003deb314c 0         
  849: 0100007F:0035 00000000:0000 07 00000000:00000000 00:00000000 00000000     0        0 13818 2 000000005d3a5976 0         
  863: 00000000:0043 00000000:0000 07 00000000:00000000 00:00000000 00000000     0        0 13923 2 000000004feeb7bd 0         
  898: 01FE10AC:9066 00000000:0000 07 00000000:00000000 00:00000000 00000000  1000        0 23850 2 000000008fc89b8c 0         
 1007: 4402A8C0:ECD3 00000000:0000 07 00000000:00000000 00:00000000 00000000  1000        0 23853 2 000000005b0208be 0         
  sl  local_address                         remote_address                        st tx_queue rx_queue tr tm->when retrnsmt   uid  timeout inode ref pointer drops
    5: 00000000000000000000000000000000:14E9 00000000000000000000000000000000:0000 07 00000000:00000000 00:00000000 00000000   997        0 409 2 00000000ec762511 0
   88: 000080FE00000000FF67CF00F50F1BFE:893C 00000000000000000000000000000000:0000 07 00000000:00000000 00:00000000 00000000  1000        0 23854 2 00000000c72a6854 0
   89: 000080FE00000000FF67CF00F50F1BFE:C13D 00000000000000000000000000000000:0000 07 00000000:00000000 00:00000000 00000000  1000        0 25796 2 000000003b2571b3 0
  100: 00000000000000000000000000000000:5148 00000000000000000000000000000000:0000 07 00000000:00000000 00:00000000 00000000  1000        0 23862 2 000000009abd7ccc 0
  100: 00000000000000000000000000000000:5148 00000000000000000000000000000000:0000 07 00000000:00000000 00:00000000 00000000  1000        0 23856 2 0000000022a979ce 0
  100: 00000000000000000000000000000000:5148 00000000000000000000000000000000:0000 07 00000000:00000000 00:00000000 00000000  1000        0 25800 2 0000000079a3314f 0
  100: 00000000000000000000000000000000:5148 00000000000000000000000000000000:0000 07 00000000:00000000 00:00000000 00000000  1000        0 25794 2 0000000027cfbc20 0
  132: 000080FE00000000FFD19112CE8231FE:8D68 00000000000000000000000000000000:0000 07 00000000:00000000 00:00000000 00000000  1000        0 23870 2 000000001565c876 0
  133: 000080FE00000000FFD19112CE8231FE:E169 00000000000000000000000000000000:0000 07 00000000:00000000 00:00000000 00000000  1000        0 23864 2 0000000087d8e60b 0
  163: 000080FE00000000FFD19112CE8231FE:D187 00000000000000000000000000000000:0000 07 00000000:00000000 00:00000000 00000000  1000        0 25798 2 000000009af90eda 0
  298: 000080FE00000000FFD19112CE8231FE:CE0E 000080FE000000000000000001000000:0035 01 00000000:00000000 00:00000000 00000000     0        0 70716 2 00000000ac0aa476 0
  455: 000080FE00000000FFD19112CE8231FE:EAAB 00000000000000000000000000000000:0000 07 00000000:00000000 00:00000000 00000000  1000        0 25802 2 00000000eafd9db9 0
  533: 000080FE00000000FFD19112CE8231FE:DAF9 00000000000000000000000000000000:0000 07 00000000:00000000 00:00000000 00000000  1000        0 25808 2 000000008e2be3fe 0
  635: 000080FE00000000FF67CF00F50F1BFE:D75F 00000000000000000000000000000000:0000 07 00000000:00000000 00:00000000 00000000  1000        0 25792 2 00000000b4fc27a4 0
  720: 000080FE00000000FF67CF00F50F1BFE:CBB4 00000000000000000000000000000000:0000 07 00000000:00000000 00:00000000 00000000  1000        0 23858 2 00000000a12d558d 0
  792: 000080FE00000000FFD19112CE8231FE:DFFC 00000000000000000000000000000000:0000 07 00000000:00000000 00:00000000 00000000  1000        0 23860 2 00000000ca697cdd 0
  849: 00000000000000000000000001000000:0035 00000000000000000000000000000000:0000 07 00000000:00000000 00:00000000 00000000     0        0 13822 2 00000000e3a9360b 0
  924: 000080FE00000000FF67CF00F50F1BFE:DC80 00000000000000000000000000000000:0000 07 00000000:00000000 00:00000000 00000000  1000        0 25807 2 0000000015c5ec66 0
  933: 000080FE00000000FF67CF00F50F1BFE:C089 00000000000000000000000000000000:0000 07 00000000:00000000 00:00000000 00000000  1000        0 23869 2 00000000f2b81f7c 0

--- net/netlink ---
sk               Eth Pid        Groups   Rmem     Wmem     Dump  Locks    Drops    Inode
0000000080124e07 0   723        00000111 0        0        0     2        0        410     
0000000066e3f90b 0   0          00000000 0        0        0     2        0        16      
000000006dfad4f2 0   692        00000550 0        0        0     2        0        13924   
00000000eeebf1c6 0   631        00080551 0        0        0     2        0        12089   
000000003d9d3ea6 0   641        00000001 0        0        0     2        0        344     
00000000946e4ef8 4   0          00000000 0        0        0     2        0        8367    
000000007f442570 8   0          00000000 0        0        0     2        0        9728    
000000006b252c75 9   0          00000000 0        0        0     2        0        22      
000000001c8d8ffc 10  0          00000000 0        0        0     2        0        8102    
000000007997d8f8 15  0          00000000 0        0        0     2        0        24      
00000000f4d1a39b 15  164        00000001 0        0        0     2        0        125     
00000000ce23061c 16  1547698817 00000078 0        0        0     2        0        346     
0000000072eef005 16  696255105  00000000 0        0        0     2        0        345     
000000003887f005 16  2264924801 00000000 0        0        0     2        0        348     
000000007511d1eb 16  2579497601 00000000 0        0        0     2        0        350     
000000008a6b669f 16  0          00000000 0        0        0     2        0        17      

--- system-wide /proc/net/unix (correlation across peers) ---
Num       RefCount Protocol Flags    Type St Inode Path
000000009bb3eec5: 00000002 00000000 00010000 0005 01   124 /run/udev/control
00000000fdfee680: 00000002 00000000 00010000 0001 01   404 /run/avahi-daemon/socket
00000000b03bcb51: 0000000C 00000000 00000000 0002 03   382 /dev/log
0000000020d552f9: 00000003 00000000 00000000 0001 03 14191 @eefd4942b8b4a404/bus/MoveWebService/system
00000000f8914de0: 00000002 00000000 00010000 0001 01   468 /tmp/swupdateprog
000000001454f1ea: 00000002 00000000 00010000 0001 01 12241 /tmp/sockinstctrl
0000000067ff5cb5: 00000003 00000000 00000000 0001 03 23253 @4b789f1e6e57e5e5/bus/MoveOriginal/system
0000000035fc402a: 00000003 00000000 00000000 0001 03 33197 @1e77820fa1723b74/bus/MoveLauncher/system
000000001157a9fa: 00000003 00000000 00000000 0001 03 10152 @109f3a349d2bf7e7/bus/SystemDBusServi/system
00000000282ba893: 00000002 00000000 00000000 0002 01 10113 @NotifyServer@@@@@@@@@@@@@@@@@@@@@@@@@@@@@@@@@@@@@@@@@@@@@@@@@@@@@@@@@@@@@@@@@@@@@@@@@@@@@@@@@@@@@@@@@@@@@@@
00000000cc2c5986: 00000002 00000000 00010000 0001 01 13795 /run/dbus/system_bus_socket
000000005df70915: 00000003 00000000 00000000 0001 03 12288 @e8754fe8a766ea3a/bus/UpdateDBusServi/system
000000000ca3190f: 00000003 00000000 00000000 0001 03   465 /run/dbus/system_bus_socket
000000004b79b88b: 00000003 00000000 00000000 0005 03 23247
00000000cb2eeed8: 00000003 00000000 00000000 0005 03 33195
00000000b6825001: 00000003 00000000 00000000 0001 03 23254 /run/dbus/system_bus_socket
0000000063e30722: 00000002 00000000 00000000 0002 03 13940
000000002b28544e: 00000003 00000000 00000000 0001 03 23212 /run/dbus/system_bus_socket
00000000214e25b5: 00000003 00000000 00000000 0001 03 12082
00000000505eaee2: 00000003 00000000 00000000 0005 03   461
00000000958bb7be: 00000002 00000000 00000000 0002 03   496
00000000123d41b3: 00000003 00000000 00000000 0002 03 10756
00000000deacb7d9: 00000003 00000000 00000000 0001 03  9906
0000000070c44908: 00000003 00000000 00000000 0001 03   400
00000000f8d160ae: 00000003 00000000 00000000 0001 03   406 /run/dbus/system_bus_socket
00000000083f7fdc: 00000002 00000000 00000000 0002 03  9992
000000006906af0e: 00000002 00000000 00000000 0001 03   502 /tmp/swupdateprog
000000001b257bc3: 00000003 00000000 00000000 0001 03  9923 /run/dbus/system_bus_socket
000000006073aca8: 00000002 00000000 00000000 0001 03 90522
0000000098d754b4: 00000002 00000000 00000000 0001 03   469 /tmp/swupdateprog
0000000001523572: 00000002 00000000 00000000 0002 03 10151
000000009b36a175: 00000003 00000000 00000000 0001 03 23256
00000000d1040476: 00000003 00000000 00000000 0001 03   508 /run/dbus/system_bus_socket
0000000073aa1c2c: 00000003 00000000 00000000 0001 03 23828 /tmp/swupdateprog
0000000093332bc8: 00000002 00000000 00000000 0002 03 12287
0000000001fe80d4: 00000002 00000000 00000000 0002 03 14197
0000000071362358: 00000003 00000000 00000000 0005 03   462
00000000b652a68c: 00000003 00000000 00000000 0001 03  9908 /run/dbus/system_bus_socket
0000000012c36b86: 00000003 00000000 00000000 0005 03 23246
00000000c53a5137: 00000003 00000000 00000000 0002 03 10755
000000000ad69733: 00000002 00000000 00000000 0002 03 23245
00000000a9bc942a: 00000003 00000000 00000000 0001 03   401
00000000039f2db7: 00000003 00000000 00000000 0001 03  9907
00000000da957f65: 00000003 00000000 00000000 0001 03 23932
0000000017bb0e8e: 00000002 00000000 00000000 0002 03  9961
000000007b3d9797: 00000003 00000000 00000000 0001 03 23304 /run/dbus/system_bus_socket
000000008a70c563: 00000003 00000000 00000000 0001 03   405
0000000084d48caa: 00000003 00000000 00000000 0001 03   343
00000000779179ef: 00000003 00000000 00000000 0005 03 33196
0000000039d33dbd: 00000003 00000000 00000000 0001 03   500 /run/dbus/system_bus_socket
0000000030a4e3f7: 00000002 00000000 00000000 0002 03 33204
00000000bd5831f4: 00000002 00000000 00000000 0002 03   399
00000000cd081cbd: 00000002 00000000 00000000 0001 03   485 /tmp/swupdateprog
