=== /proc/1458 snapshot (Mon Apr 27 12:19:54 UTC 2026) ===

--- cmdline ---
/opt/move/MoveOriginal 
--- cwd / exe / environ (typically denied for cap-bearing target) ---
cwd: exe: environ:
/data/UserData/schwung/strace-move.sh: line 51: /proc/1458/environ: Permission denied

--- status (caps + ids) ---
Name:	MoveOriginal
TracerPid:	0
Uid:	1000	1000	1000	1000
Gid:	100	100	100	100
Threads:	21
CapInh:	0000000000000000
CapPrm:	0000000001804000
CapEff:	0000000001804000
CapBnd:	000001ffffffffff
CapAmb:	0000000000000000

--- fd count (symlinks unreadable but the count is informative) ---
open fds: 59
fd numbers: 0 1 10 11 12 13 14 15 16 17 18 19 2 20 21 22 23 24 25 26 27 28 29 3 30 31 32 33 34 35 36 37 38 39 4 40 41 42 43 44 45 46 47 48 49 5 50 51 52 53 54 55 56 57 58 59 6 7 8 9 

--- maps (denied for non-dumpable, but try anyway) ---
head: /proc/1458/maps: Permission denied

--- net/unix (process view of UNIX domain sockets) ---
Num       RefCount Protocol Flags    Type St Inode Path
000000009bb3eec5: 00000002 00000000 00010000 0005 01   124 /run/udev/control
00000000fdfee680: 00000002 00000000 00010000 0001 01   404 /run/avahi-daemon/socket
00000000b03bcb51: 0000000C 00000000 00000000 0002 03   382 /dev/log
0000000020d552f9: 00000003 00000000 00000000 0001 03 14191 @eefd4942b8b4a404/bus/MoveWebService/system
00000000f8914de0: 00000002 00000000 00010000 0001 01   468 /tmp/swupdateprog
000000001454f1ea: 00000002 00000000 00010000 0001 01 12241 /tmp/sockinstctrl
0000000067ff5cb5: 00000003 00000000 00000000 0001 03 23253 @4b789f1e6e57e5e5/bus/MoveOriginal/system
0000000035fc402a: 00000003 00000000 00000000 0001 03 33197 @1e77820fa1723b74/bus/MoveLauncher/system
000000001157a9fa: 00000003 00000000 00000000 0001 03 10152 @109f3a349d2bf7e7/bus/SystemDBusServi/system
00000000282ba893: 00000002 00000000 00000000 0002 01 10113 @NotifyServer@@@@@@@@@@@@@@@@@@@@@@@@@@@@@@@@@@@@@@@@@@@@@@@@@@@@@@@@@@@@@@@@@@@@@@@@@@@@@@@@@@@@@@@@@@@@@@@
00000000cc2c5986: 00000002 00000000 00010000 0001 01 13795 /run/dbus/system_bus_socket
000000005df70915: 00000003 00000000 00000000 0001 03 12288 @e8754fe8a766ea3a/bus/UpdateDBusServi/system
000000000ca3190f: 00000003 00000000 00000000 0001 03   465 /run/dbus/system_bus_socket
000000004b79b88b: 00000003 00000000 00000000 0005 03 23247
00000000cb2eeed8: 00000003 00000000 00000000 0005 03 33195
00000000b6825001: 00000003 00000000 00000000 0001 03 23254 /run/dbus/system_bus_socket
0000000063e30722: 00000002 00000000 00000000 0002 03 13940
000000002b28544e: 00000003 00000000 00000000 0001 03 23212 /run/dbus/system_bus_socket
0000000010d3b6e3: 00000003 00000000 00000000 0001 03 73762
00000000214e25b5: 00000003 00000000 00000000 0001 03 12082
00000000505eaee2: 00000003 00000000 00000000 0005 03   461
00000000958bb7be: 00000002 00000000 00000000 0002 03   496
00000000123d41b3: 00000003 00000000 00000000 0002 03 10756
00000000deacb7d9: 00000003 00000000 00000000 0001 03  9906
0000000070c44908: 00000003 00000000 00000000 0001 03   400
00000000f8d160ae: 00000003 00000000 00000000 0001 03   406 /run/dbus/system_bus_socket
00000000083f7fdc: 00000002 00000000 00000000 0002 03  9992
000000006906af0e: 00000002 00000000 00000000 0001 03   502 /tmp/swupdateprog
000000001b257bc3: 00000003 00000000 00000000 0001 03  9923 /run/dbus/system_bus_socket
0000000098d754b4: 00000002 00000000 00000000 0001 03   469 /tmp/swupdateprog
0000000001523572: 00000002 00000000 00000000 0002 03 10151
000000009b36a175: 00000003 00000000 00000000 0001 03 23256
00000000d1040476: 00000003 00000000 00000000 0001 03   508 /run/dbus/system_bus_socket
0000000073aa1c2c: 00000003 00000000 00000000 0001 03 23828 /tmp/swupdateprog
0000000093332bc8: 00000002 00000000 00000000 0002 03 12287
0000000001fe80d4: 00000002 00000000 00000000 0002 03 14197
0000000071362358: 00000003 00000000 00000000 0005 03   462
00000000b652a68c: 00000003 00000000 00000000 0001 03  9908 /run/dbus/system_bus_socket
0000000012c36b86: 00000003 00000000 00000000 0005 03 23246
00000000c53a5137: 00000003 00000000 00000000 0002 03 10755
000000000ad69733: 00000002 00000000 00000000 0002 03 23245
00000000a1602883: 00000003 00000000 00000000 0001 03 73763
0000000001ebceec: 00000002 00000000 00000000 0001 03 74775
00000000a9bc942a: 00000003 00000000 00000000 0001 03   401
00000000039f2db7: 00000003 00000000 00000000 0001 03  9907
00000000da957f65: 00000003 00000000 00000000 0001 03 23932
0000000017bb0e8e: 00000002 00000000 00000000 0002 03  9961
000000007b3d9797: 00000003 00000000 00000000 0001 03 23304 /run/dbus/system_bus_socket
000000008a70c563: 00000003 00000000 00000000 0001 03   405
0000000084d48caa: 00000003 00000000 00000000 0001 03   343
00000000779179ef: 00000003 00000000 00000000 0005 03 33196
0000000039d33dbd: 00000003 00000000 00000000 0001 03   500 /run/dbus/system_bus_socket
0000000030a4e3f7: 00000002 00000000 00000000 0002 03 33204
00000000bd5831f4: 00000002 00000000 00000000 0002 03   399
00000000cd081cbd: 00000002 00000000 00000000 0001 03   485 /tmp/swupdateprog

--- net/tcp + tcp6 ---
  sl  local_address rem_address   st tx_queue rx_queue tr tm->when retrnsmt   uid  timeout inode                                                     
   0: 00000000:1E01 00000000:0000 0A 00000000:00000000 00:00000000 00000000  1000        0 25769 1 000000007e0190fb 100 0 0 10 0                     
   1: 0100007F:0035 00000000:0000 0A 00000000:00000000 00:00000000 00000000     0        0 13826 1 00000000abdef5fd 100 0 0 10 0                     
   2: 00000000:0016 00000000:0000 0A 00000000:00000000 00:00000000 00000000     0        0 9932 1 000000006f57fc97 100 0 0 10 0                      
  sl  local_address                         remote_address                        st tx_queue rx_queue tr tm->when retrnsmt   uid  timeout inode
   0: 00000000000000000000000001000000:0035 00000000000000000000000000000000:0000 0A 00000000:00000000 00:00000000 00000000     0        0 13830 1 00000000e673236f 100 0 0 10 0
   1: 00000000000000000000000000000000:1E14 00000000000000000000000000000000:0000 0A 00000000:00000000 00:00000000 00000000     0        0 33452 1 00000000ada9465c 100 0 0 10 0
   2: 00000000000000000000000000000000:0016 00000000000000000000000000000000:0000 0A 00000000:00000000 00:00000000 00000000     0        0 9934 1 00000000e5a74e1c 100 0 0 10 0
   3: 00000000000000000000000000000000:0050 00000000000000000000000000000000:0000 0A 00000000:00000000 00:00000000 00000000  1000        0 14198 1 000000008c2b3d82 100 0 0 10 0
   4: ED000320396B235FFFD19112CE8231FE:0016 ED000320396B235F2A5BA581F2E85414:FA6A 01 00000000:00000000 02:000AFC28 00000000     0        0 73515 2 00000000a3ae157b 21 4 0 10 -1

--- net/udp + udp6 ---
   sl  local_address rem_address   st tx_queue rx_queue tr tm->when retrnsmt   uid  timeout inode ref pointer drops            
    5: 00000000:14E9 00000000:0000 07 00000000:00002600 00:00000000 00000000   997        0 408 2 00000000bf5885bc 0           
    9: 4402A8C0:B4ED 00000000:0000 07 00000000:00000000 00:00000000 00000000  1000        0 23851 2 00000000acf7e51f 0         
   14: 4402A8C0:C4F2 00000000:0000 07 00000000:00000000 00:00000000 00000000  1000        0 25806 2 00000000121030fb 0         
   73: 01FE10AC:AD2D 00000000:0000 07 00000000:00000000 00:00000000 00000000  1000        0 23867 2 000000008a514986 0         
   74: 0100007F:E12E 00000000:0000 07 00000000:00000000 00:00000000 00000000  1000        0 23847 2 0000000046946154 0         
  100: 00000000:5148 00000000:0000 07 00000000:00000000 00:00000000 00000000  1000        0 23852 2 00000000224df7bc 0         
  100: 00000000:5148 00000000:0000 07 00000000:00000000 00:00000000 00000000  1000        0 23849 2 000000009044555e 0         
  100: 00000000:5148 00000000:0000 07 00000000:00000000 00:00000000 00000000  1000        0 23846 2 0000000088bdd54b 0         
  100: 00000000:5148 00000000:0000 07 00000000:00000000 00:00000000 00000000  1000        0 25790 2 0000000090b051f9 0         
  100: 00000000:5148 00000000:0000 07 00000000:00000000 00:00000000 00000000  1000        0 25787 2 00000000da271941 0         
  100: 00000000:5148 00000000:0000 07 00000000:00000000 00:00000000 00000000  1000        0 25784 2 000000002ec61048 0         
  125: 4402A8C0:8161 0102A8C0:0035 01 00000000:00000000 00:00000000 00000000     0        0 9995 2 000000004b2f20f8 0          
  206: 01FE10AC:E9B2 00000000:0000 07 00000000:00000000 00:00000000 00000000  1000        0 25788 2 00000000728d819e 0         
  468: 0100007F:BEB8 00000000:0000 07 00000000:00000000 00:00000000 00000000  1000        0 25785 2 0000000052a51581 0         
  480: 4402A8C0:D2C4 00000000:0000 07 00000000:00000000 00:00000000 00000000  1000        0 23868 2 0000000081f93493 0         
  484: 0100007F:B2C8 00000000:0000 07 00000000:00000000 00:00000000 00000000  1000        0 25783 2 0000000059109c05 0         
  509: 0100007F:8AE1 00000000:0000 07 00000000:00001400 00:00000000 00000000  1000        0 23866 2 00000000e0476c33 0         
  557: 01FE10AC:B711 00000000:0000 07 00000000:00000000 00:00000000 00000000  1000        0 25805 2 00000000323919f5 0         
  635: 4402A8C0:DB5F 00000000:0000 07 00000000:00000000 00:00000000 00000000  1000        0 25791 2 000000006098c005 0         
  677: 0100007F:C389 00000000:0000 07 00000000:00000000 00:00000000 00000000  1000        0 23845 2 00000000b5fc729f 0         
  753: 4402A8C0:8FD5 00000000:0000 07 00000000:00000000 00:00000000 00000000  1000        0 25789 2 000000005a1f2754 0         
  773: 01FE10AC:83E9 00000000:0000 07 00000000:00000000 00:00000000 00000000  1000        0 23848 2 00000000faa78712 0         
  783: 4402A8C0:CBF3 0102A8C0:0035 01 00000000:00000000 00:00000000 00000000     0        0 10007 2 00000000066144bf 0         
  809: 0100007F:940D 00000000:0000 07 00000000:00000000 00:00000000 00000000  1000        0 25804 2 000000008d0169cf 0         
  822: 00000000:E01A 00000000:0000 07 00000000:00000000 00:00000000 00000000     0        0 10013 2 000000007719edee 0         
  831: 01FE10AC:B023 00000000:0000 07 00000000:00000000 00:00000000 00000000  1000        0 25786 2 000000003deb314c 0         
  849: 0100007F:0035 00000000:0000 07 00000000:00000000 00:00000000 00000000     0        0 13818 2 000000005d3a5976 0         
  863: 00000000:0043 00000000:0000 07 00000000:00000000 00:00000000 00000000     0        0 13923 2 000000004feeb7bd 0         
  898: 01FE10AC:9066 00000000:0000 07 00000000:00000000 00:00000000 00000000  1000        0 23850 2 000000008fc89b8c 0         
 1007: 4402A8C0:ECD3 00000000:0000 07 00000000:00000000 00:00000000 00000000  1000        0 23853 2 000000005b0208be 0         
  sl  local_address                         remote_address                        st tx_queue rx_queue tr tm->when retrnsmt   uid  timeout inode ref pointer drops
    5: 00000000000000000000000000000000:14E9 00000000000000000000000000000000:0000 07 00000000:00000000 00:00000000 00000000   997        0 409 2 00000000ec762511 0
   88: 000080FE00000000FF67CF00F50F1BFE:893C 00000000000000000000000000000000:0000 07 00000000:00000000 00:00000000 00000000  1000        0 23854 2 00000000c72a6854 0
   89: 000080FE00000000FF67CF00F50F1BFE:C13D 00000000000000000000000000000000:0000 07 00000000:00000000 00:00000000 00000000  1000        0 25796 2 000000003b2571b3 0
  100: 00000000000000000000000000000000:5148 00000000000000000000000000000000:0000 07 00000000:00000000 00:00000000 00000000  1000        0 23862 2 000000009abd7ccc 0
  100: 00000000000000000000000000000000:5148 00000000000000000000000000000000:0000 07 00000000:00000000 00:00000000 00000000  1000        0 23856 2 0000000022a979ce 0
  100: 00000000000000000000000000000000:5148 00000000000000000000000000000000:0000 07 00000000:00000000 00:00000000 00000000  1000        0 25800 2 0000000079a3314f 0
  100: 00000000000000000000000000000000:5148 00000000000000000000000000000000:0000 07 00000000:00000000 00:00000000 00000000  1000        0 25794 2 0000000027cfbc20 0
  132: 000080FE00000000FFD19112CE8231FE:8D68 00000000000000000000000000000000:0000 07 00000000:00000000 00:00000000 00000000  1000        0 23870 2 000000001565c876 0
  133: 000080FE00000000FFD19112CE8231FE:E169 00000000000000000000000000000000:0000 07 00000000:00000000 00:00000000 00000000  1000        0 23864 2 0000000087d8e60b 0
  163: 000080FE00000000FFD19112CE8231FE:D187 00000000000000000000000000000000:0000 07 00000000:00000000 00:00000000 00000000  1000        0 25798 2 000000009af90eda 0
  298: 000080FE00000000FFD19112CE8231FE:CE0E 000080FE000000000000000001000000:0035 01 00000000:00000000 00:00000000 00000000     0        0 70716 2 00000000ac0aa476 0
  455: 000080FE00000000FFD19112CE8231FE:EAAB 00000000000000000000000000000000:0000 07 00000000:00000000 00:00000000 00000000  1000        0 25802 2 00000000eafd9db9 0
  533: 000080FE00000000FFD19112CE8231FE:DAF9 00000000000000000000000000000000:0000 07 00000000:00000000 00:00000000 00000000  1000        0 25808 2 000000008e2be3fe 0
  635: 000080FE00000000FF67CF00F50F1BFE:D75F 00000000000000000000000000000000:0000 07 00000000:00000000 00:00000000 00000000  1000        0 25792 2 00000000b4fc27a4 0
  720: 000080FE00000000FF67CF00F50F1BFE:CBB4 00000000000000000000000000000000:0000 07 00000000:00000000 00:00000000 00000000  1000        0 23858 2 00000000a12d558d 0
  792: 000080FE00000000FFD19112CE8231FE:DFFC 00000000000000000000000000000000:0000 07 00000000:00000000 00:00000000 00000000  1000        0 23860 2 00000000ca697cdd 0
  849: 00000000000000000000000001000000:0035 00000000000000000000000000000000:0000 07 00000000:00000000 00:00000000 00000000     0        0 13822 2 00000000e3a9360b 0
  924: 000080FE00000000FF67CF00F50F1BFE:DC80 00000000000000000000000000000000:0000 07 00000000:00000000 00:00000000 00000000  1000        0 25807 2 0000000015c5ec66 0
  933: 000080FE00000000FF67CF00F50F1BFE:C089 00000000000000000000000000000000:0000 07 00000000:00000000 00:00000000 00000000  1000        0 23869 2 00000000f2b81f7c 0

--- net/netlink (kernel comms) ---
sk               Eth Pid        Groups   Rmem     Wmem     Dump  Locks    Drops    Inode
0000000080124e07 0   723        00000111 0        0        0     2        0        410     
0000000066e3f90b 0   0          00000000 0        0        0     2        0        16      
000000006dfad4f2 0   692        00000550 0        0        0     2        0        13924   
00000000eeebf1c6 0   631        00080551 0        0        0     2        0        12089   
000000003d9d3ea6 0   641        00000001 0        0        0     2        0        344     
00000000946e4ef8 4   0          00000000 0        0        0     2        0        8367    
000000007f442570 8   0          00000000 0        0        0     2        0        9728    
000000006b252c75 9   0          00000000 0        0        0     2        0        22      
000000001c8d8ffc 10  0          00000000 0        0        0     2        0        8102    
000000007997d8f8 15  0          00000000 0        0        0     2        0        24      
00000000f4d1a39b 15  164        00000001 0        0        0     2        0        125     
00000000ce23061c 16  1547698817 00000078 0        0        0     2        0        346     
0000000072eef005 16  696255105  00000000 0        0        0     2        0        345     
000000003887f005 16  2264924801 00000000 0        0        0     2        0        348     
000000007511d1eb 16  2579497601 00000000 0        0        0     2        0        350     
000000008a6b669f 16  0          00000000 0        0        0     2        0        17      

--- system-wide /proc/net/unix (for correlation, includes named UDS for all peers) ---
Num       RefCount Protocol Flags    Type St Inode Path
000000009bb3eec5: 00000002 00000000 00010000 0005 01   124 /run/udev/control
00000000fdfee680: 00000002 00000000 00010000 0001 01   404 /run/avahi-daemon/socket
00000000b03bcb51: 0000000C 00000000 00000000 0002 03   382 /dev/log
0000000020d552f9: 00000003 00000000 00000000 0001 03 14191 @eefd4942b8b4a404/bus/MoveWebService/system
00000000f8914de0: 00000002 00000000 00010000 0001 01   468 /tmp/swupdateprog
000000001454f1ea: 00000002 00000000 00010000 0001 01 12241 /tmp/sockinstctrl
0000000067ff5cb5: 00000003 00000000 00000000 0001 03 23253 @4b789f1e6e57e5e5/bus/MoveOriginal/system
0000000035fc402a: 00000003 00000000 00000000 0001 03 33197 @1e77820fa1723b74/bus/MoveLauncher/system
000000001157a9fa: 00000003 00000000 00000000 0001 03 10152 @109f3a349d2bf7e7/bus/SystemDBusServi/system
00000000282ba893: 00000002 00000000 00000000 0002 01 10113 @NotifyServer@@@@@@@@@@@@@@@@@@@@@@@@@@@@@@@@@@@@@@@@@@@@@@@@@@@@@@@@@@@@@@@@@@@@@@@@@@@@@@@@@@@@@@@@@@@@@@@
00000000cc2c5986: 00000002 00000000 00010000 0001 01 13795 /run/dbus/system_bus_socket
000000005df70915: 00000003 00000000 00000000 0001 03 12288 @e8754fe8a766ea3a/bus/UpdateDBusServi/system
000000000ca3190f: 00000003 00000000 00000000 0001 03   465 /run/dbus/system_bus_socket
000000004b79b88b: 00000003 00000000 00000000 0005 03 23247
00000000cb2eeed8: 00000003 00000000 00000000 0005 03 33195
00000000b6825001: 00000003 00000000 00000000 0001 03 23254 /run/dbus/system_bus_socket
0000000063e30722: 00000002 00000000 00000000 0002 03 13940
000000002b28544e: 00000003 00000000 00000000 0001 03 23212 /run/dbus/system_bus_socket
0000000010d3b6e3: 00000003 00000000 00000000 0001 03 73762
00000000214e25b5: 00000003 00000000 00000000 0001 03 12082
00000000505eaee2: 00000003 00000000 00000000 0005 03   461
00000000958bb7be: 00000002 00000000 00000000 0002 03   496
00000000123d41b3: 00000003 00000000 00000000 0002 03 10756
00000000deacb7d9: 00000003 00000000 00000000 0001 03  9906
0000000070c44908: 00000003 00000000 00000000 0001 03   400
00000000f8d160ae: 00000003 00000000 00000000 0001 03   406 /run/dbus/system_bus_socket
00000000083f7fdc: 00000002 00000000 00000000 0002 03  9992
000000006906af0e: 00000002 00000000 00000000 0001 03   502 /tmp/swupdateprog
000000001b257bc3: 00000003 00000000 00000000 0001 03  9923 /run/dbus/system_bus_socket
0000000098d754b4: 00000002 00000000 00000000 0001 03   469 /tmp/swupdateprog
0000000001523572: 00000002 00000000 00000000 0002 03 10151
000000009b36a175: 00000003 00000000 00000000 0001 03 23256
00000000d1040476: 00000003 00000000 00000000 0001 03   508 /run/dbus/system_bus_socket
0000000073aa1c2c: 00000003 00000000 00000000 0001 03 23828 /tmp/swupdateprog
0000000093332bc8: 00000002 00000000 00000000 0002 03 12287
0000000001fe80d4: 00000002 00000000 00000000 0002 03 14197
0000000071362358: 00000003 00000000 00000000 0005 03   462
00000000b652a68c: 00000003 00000000 00000000 0001 03  9908 /run/dbus/system_bus_socket
0000000012c36b86: 00000003 00000000 00000000 0005 03 23246
00000000c53a5137: 00000003 00000000 00000000 0002 03 10755
000000000ad69733: 00000002 00000000 00000000 0002 03 23245
00000000a1602883: 00000003 00000000 00000000 0001 03 73763
0000000001ebceec: 00000002 00000000 00000000 0001 03 74775
00000000a9bc942a: 00000003 00000000 00000000 0001 03   401
00000000039f2db7: 00000003 00000000 00000000 0001 03  9907
00000000da957f65: 00000003 00000000 00000000 0001 03 23932
0000000017bb0e8e: 00000002 00000000 00000000 0002 03  9961
000000007b3d9797: 00000003 00000000 00000000 0001 03 23304 /run/dbus/system_bus_socket
000000008a70c563: 00000003 00000000 00000000 0001 03   405
0000000084d48caa: 00000003 00000000 00000000 0001 03   343
00000000779179ef: 00000003 00000000 00000000 0005 03 33196
0000000039d33dbd: 00000003 00000000 00000000 0001 03   500 /run/dbus/system_bus_socket
0000000030a4e3f7: 00000002 00000000 00000000 0002 03 33204
00000000bd5831f4: 00000002 00000000 00000000 0002 03   399
00000000cd081cbd: 00000002 00000000 00000000 0001 03   485 /tmp/swupdateprog
