# MoveOriginal interesting string snapshot
# Generated by scripts/recon/extract-strings.py logic; build-time path noise excluded.

### Absolute /dev,/run,/tmp,/data,/var,/etc,/proc paths (19)
/dev/ablspi0.0
/dev/urandom
/etc/os-release
/etc/ssl/certs
/etc/ssl/certs/ca-certificates.crt
/proc/
/proc/cpuinfo
/proc/self/auxv
/proc/self/exe
/proc/self/fd
/proc/self/maps
/proc/self/oom_score_adj
/proc/self/statm
/proc/sys/fs/nr_open
/proc/sys/fs/nr_open format error
/proc/sys/kernel/yama/ptrace_scope
/sys/firmware/devicetree/base/serial-number
/usr/lib/os-release
/usr/share/common-licenses

### D-Bus interface / class names (39)
N7ableton4move11DBusSSHKeysE
N7ableton4move12DBusSettingsE
N7ableton4move12IDBusSSHKeysE
N7ableton4move13IDBusSettingsE
N7ableton4move16DBusSongRendererE
N7ableton4move17IDBusSongRendererE
N7ableton4move19IDBusBrowserServiceE
N7ableton4move19IDBusSSHKeysServiceE
N7ableton4move20IDBusSettingsServiceE
N7ableton4move23DBusCloudAuthenticationE
N7ableton4move23DBusSystemHostNameProxyE
N7ableton4move24DBusPerformanceRecordingE
N7ableton4move24IDBusSongRendererServiceE
N7ableton4move24IDBusSystemHostNameProxyE
N7ableton4move25IDBusPerformanceRecordingE
N7ableton4move28DBusWebServiceAuthenticationE
N7ableton4move29IDBusWebServiceAuthenticationE
N7ableton4move31IDBusCloudAuthenticationServiceE
N7ableton4move32IDBusPerformanceRecordingServiceE
N7ableton4move36IDBusWebServiceAuthenticationServiceE
N7ableton4move9DBusErrorE
com.ableton.move
com.ableton.move.Browser
com.ableton.move.Browser.Error
com.ableton.move.CloudAuthentication
com.ableton.move.CloudAuthentication.Error
com.ableton.move.PerformanceRecording
com.ableton.move.SSHKeys
com.ableton.move.ScreenReader
com.ableton.move.Settings
com.ableton.move.SongRenderer
com.ableton.move.SongRenderer.Error
com.ableton.move.WebServiceAuthentication
com.ableton.system
com.ableton.update
org.freedesktop.Avahi
org.freedesktop.Avahi.Server
org.freedesktop.DBus.Error.NoReply
org.freedesktop.DBus.Properties

### D-Bus interface short names (0)

### Network/listener-relevant tokens (6)
0.0.0.0
127.0.0.1
127.0.0.1/
localhost
localhost%s
localhost/

### XDG / environment variable references (2)
ALSA_0.9
ALSA_0.9.0rc4

### Filesystem/socket-y patterns inside binary (31)
ABL_IMPLIES(moUserLibraryPath, isValidPath(*moUserLibraryPath))
FvN9rapidjson13GenericObjectILb0ENS_12GenericValueINS_4UTF8IcEENS_19MemoryPoolAllocatorINS_12CrtAllocatorEEEEEEEN7ableton13json_document9TrackTypeERS6_E
FvN9rapidjson13GenericObjectILb0ENS_12GenericValueINS_4UTF8IcEENS_19MemoryPoolAllocatorINS_12CrtAllocatorEEEEEEERS6_E
N6spdlog7details13pid_formatterINS0_13scoped_padderEEE
N6spdlog7details13pid_formatterINS0_18null_scoped_padderEEE
NSt3__110__function6__baseIFvN9rapidjson13GenericObjectILb0ENS2_12GenericValueINS2_4UTF8IcEENS2_19MemoryPoolAllocatorINS2_12CrtAllocatorEEEEEEEN7ableton13json_document9TrackTypeERS9_EEE
NSt3__110__function6__baseIFvN9rapidjson13GenericObjectILb0ENS2_12GenericValueINS2_4UTF8IcEENS2_19MemoryPoolAllocatorINS2_12CrtAllocatorEEEEEEERS9_EEE
NSt3__110__function6__funcIPFvN9rapidjson13GenericObjectILb0ENS2_12GenericValueINS2_4UTF8IcEENS2_19MemoryPoolAllocatorINS2_12CrtAllocatorEEEEEEERS9_ENS_9allocatorISE_EESD_EE
PFvN9rapidjson13GenericObjectILb0ENS_12GenericValueINS_4UTF8IcEENS_19MemoryPoolAllocatorINS_12CrtAllocatorEEEEEEEN7ableton13json_document9TrackTypeERS6_E
PFvN9rapidjson13GenericObjectILb0ENS_12GenericValueINS_4UTF8IcEENS_19MemoryPoolAllocatorINS_12CrtAllocatorEEEEEEERS6_E
Received XMOS shutdown notification
Size of the XMOS' spare sample count
UserLibrary
XMOS: {}
bool crashpad::(anonymous namespace)::GetFloatingPointRegisters32(pid_t, FloatContext *, bool)
bool crashpad::(anonymous namespace)::GetFloatingPointRegisters64(pid_t, FloatContext *, bool)
bool crashpad::(anonymous namespace)::GetGeneralPurposeRegisters32(pid_t, ThreadContext *, bool)
bool crashpad::(anonymous namespace)::GetGeneralPurposeRegisters64(pid_t, ThreadContext *, bool)
bool crashpad::(anonymous namespace)::GetThreadArea32(pid_t, const ThreadContext &, LinuxVMAddress *, bool)
bool crashpad::(anonymous namespace)::GetThreadArea64(pid_t, const ThreadContext &, LinuxVMAddress *, bool)
bool crashpad::(anonymous namespace)::RequestCrashDumpHandler::Initialize(ScopedFileHandle, pid_t, const std::set<int> *)
bool crashpad::PtraceAttach(pid_t, bool)
bool crashpad::PtraceDetach(pid_t, bool)
getpid
getppid
size_t crashpad::(anonymous namespace)::GetGeneralPurposeRegistersAndLength(pid_t, ThreadContext *, bool)
ssize_t crashpad::Ptracer::ReadLastBytes(pid_t, LinuxVMAddress, size_t, char *)
ssize_t crashpad::Ptracer::ReadUpTo(pid_t, LinuxVMAddress, size_t, char *)
waitpid
xmos-version
xmosInShutdown

### Audio: ALSA / JACK / sound related (146)
10MidiInAlsa
11MidiOutAlsa
ALSA_0.9
ALSA_0.9.0rc4
MidiInAlsa: message queue limit reached!!
MidiInAlsa::alsaMidiHandler: MIDI input buffer overrun!
MidiInAlsa::alsaMidiHandler: error initializing MIDI event parser!
MidiInAlsa::alsaMidiHandler: error initializing buffer memory!
MidiInAlsa::alsaMidiHandler: error resizing buffer memory!
MidiInAlsa::alsaMidiHandler: unknown MIDI input error!
MidiInAlsa::getPortName: error looking for port name!
MidiInAlsa::initialize: error creating ALSA sequencer client object.
MidiInAlsa::initialize: error creating pipe objects.
MidiInAlsa::openPort: ALSA error allocation port subscription.
MidiInAlsa::openPort: ALSA error creating input port.
MidiInAlsa::openPort: ALSA error making port connection.
MidiInAlsa::openPort: a valid connection already exists!
MidiInAlsa::openPort: error starting MIDI input thread!
MidiInAlsa::openPort: no MIDI input sources found!
MidiInAlsa::openPort: the 'portNumber' argument (
MidiInAlsa::openVirtualPort: ALSA error creating virtual port.
MidiOutAlsa::getPortName: error looking for port name!
MidiOutAlsa::initialize: error allocating buffer memory!
MidiOutAlsa::initialize: error creating ALSA sequencer client object.
MidiOutAlsa::initialize: error initializing MIDI event parser!
MidiOutAlsa::openPort: ALSA error creating output port.
MidiOutAlsa::openPort: ALSA error making port connection.
MidiOutAlsa::openPort: a valid connection already exists!
MidiOutAlsa::openPort: error allocating port subscription.
MidiOutAlsa::openPort: no MIDI output sources found!
MidiOutAlsa::openPort: the 'portNumber' argument (
MidiOutAlsa::openVirtualPort: ALSA error creating virtual port.
MidiOutAlsa::sendMessage: ALSA error resizing MIDI event buffer.
MidiOutAlsa::sendMessage: error sending MIDI message to port.
MidiOutAlsa::sendMessage: event parsing error!
RtApiAlsa::probeDeviceInfo: snd_pcm_hw_params error for device (
RtApiAlsa::probeDeviceInfo: snd_pcm_open (capture) error for device (
RtApiAlsa::probeDeviceInfo: snd_pcm_open (playback) error for device (
RtApiAlsa::probeDeviceInfo: snd_pcm_open error for device (
snd_card_next
snd_ctl_card_info
snd_ctl_card_info_get_id
snd_ctl_card_info_get_name
snd_ctl_card_info_sizeof
snd_ctl_close
snd_ctl_open
snd_ctl_pcm_info
snd_ctl_pcm_next_device
snd_midi_event_decode
snd_midi_event_encode
snd_midi_event_free
snd_midi_event_init
snd_midi_event_new
snd_midi_event_no_status
snd_midi_event_resize_buffer
snd_pcm_close
snd_pcm_delay
snd_pcm_drain
snd_pcm_drop
snd_pcm_format_cpu_endian
snd_pcm_hw_params
snd_pcm_hw_params_any
snd_pcm_hw_params_get_channels_max
snd_pcm_hw_params_get_channels_min
snd_pcm_hw_params_set_access
snd_pcm_hw_params_set_channels
snd_pcm_hw_params_set_format
snd_pcm_hw_params_set_period_size_near
snd_pcm_hw_params_set_periods_near
snd_pcm_hw_params_set_rate_near
snd_pcm_hw_params_sizeof
snd_pcm_hw_params_test_format
snd_pcm_hw_params_test_rate
snd_pcm_info_get_id
snd_pcm_info_set_device
snd_pcm_info_set_stream
snd_pcm_info_set_subdevice
snd_pcm_info_sizeof
snd_pcm_link
snd_pcm_open
snd_pcm_prepare
snd_pcm_readi
snd_pcm_readn
snd_pcm_state
snd_pcm_state_name
snd_pcm_sw_params
snd_pcm_sw_params_current
snd_pcm_sw_params_get_boundary
snd_pcm_sw_params_set_silence_size
snd_pcm_sw_params_set_silence_threshold
snd_pcm_sw_params_set_start_threshold
snd_pcm_sw_params_set_stop_threshold
snd_pcm_sw_params_sizeof
snd_pcm_writei
snd_pcm_writen
snd_seq_alloc_named_queue
snd_seq_client_id
snd_seq_client_info_get_client
snd_seq_client_info_get_name
snd_seq_client_info_set_client
snd_seq_client_info_sizeof
snd_seq_close
snd_seq_control_queue
snd_seq_create_port
snd_seq_create_simple_port
snd_seq_delete_port
snd_seq_drain_output
snd_seq_event_input
snd_seq_event_input_pending
snd_seq_event_output
snd_seq_free_event
snd_seq_free_queue
snd_seq_get_any_client_info
snd_seq_open
snd_seq_poll_descriptors
snd_seq_poll_descriptors_count
snd_seq_port_info_get_capability
snd_seq_port_info_get_client
snd_seq_port_info_get_port
snd_seq_port_info_get_type
snd_seq_port_info_set_capability
snd_seq_port_info_set_client
snd_seq_port_info_set_midi_channels
snd_seq_port_info_set_name
snd_seq_port_info_set_port
snd_seq_port_info_set_timestamp_queue
snd_seq_port_info_set_timestamp_real
snd_seq_port_info_set_timestamping
snd_seq_port_info_set_type
snd_seq_port_info_sizeof
snd_seq_port_subscribe_free
snd_seq_port_subscribe_malloc
snd_seq_port_subscribe_set_dest
snd_seq_port_subscribe_set_sender
snd_seq_port_subscribe_set_time_real
snd_seq_port_subscribe_set_time_update
snd_seq_query_next_client
snd_seq_query_next_port
snd_seq_queue_tempo_set_ppq
snd_seq_queue_tempo_set_tempo
snd_seq_queue_tempo_sizeof
snd_seq_set_client_name
snd_seq_set_queue_tempo
snd_seq_subscribe_port
snd_seq_unsubscribe_port
snd_strerror

### All literal /opt/move/* references (0)

